nohup: ignoring input
/home/garifzjanovni/non-vae-ldm/sit/lib/python3.12/site-packages/huggingface_hub/utils/_validators.py:206: UserWarning: The `local_dir_use_symlinks` argument is deprecated and ignored in `hf_hub_download`. Downloading to a local directory does not use symlinks anymore.
  warnings.warn(
Number of files: 0

  0%|          | 0/200 [00:00<?, ?it/s]
  0%|          | 1/200 [01:41<5:37:49, 101.86s/it]
  1%|          | 2/200 [03:24<5:38:02, 102.44s/it]
  2%|▏         | 3/200 [05:07<5:36:53, 102.60s/it]
  2%|▏         | 4/200 [06:50<5:35:18, 102.65s/it]
  2%|▎         | 5/200 [08:32<5:33:36, 102.65s/it]
  3%|▎         | 6/200 [10:15<5:31:59, 102.68s/it]
  4%|▎         | 7/200 [11:58<5:30:22, 102.71s/it]
  4%|▍         | 8/200 [13:41<5:28:50, 102.76s/it]
  4%|▍         | 9/200 [15:24<5:27:18, 102.82s/it]
  5%|▌         | 10/200 [17:07<5:25:43, 102.86s/it]
  6%|▌         | 11/200 [18:49<5:23:57, 102.85s/it]
  6%|▌         | 12/200 [20:32<5:22:07, 102.81s/it]
  6%|▋         | 13/200 [22:15<5:20:16, 102.76s/it]
  7%|▋         | 14/200 [23:57<5:18:27, 102.73s/it]
  8%|▊         | 15/200 [25:40<5:16:46, 102.74s/it]
  8%|▊         | 16/200 [27:23<5:15:08, 102.76s/it]
  8%|▊         | 17/200 [29:06<5:13:33, 102.81s/it]
  9%|▉         | 18/200 [30:49<5:11:56, 102.84s/it]
 10%|▉         | 19/200 [32:32<5:10:17, 102.86s/it]
 10%|█         | 20/200 [34:15<5:08:28, 102.82s/it]
 10%|█         | 21/200 [35:57<5:06:38, 102.78s/it]
 11%|█         | 22/200 [37:40<5:04:51, 102.76s/it]
 12%|█▏        | 23/200 [39:23<5:03:09, 102.76s/it]
 12%|█▏        | 24/200 [41:06<5:01:31, 102.79s/it]
 12%|█▎        | 25/200 [42:48<4:59:55, 102.83s/it]
 13%|█▎        | 26/200 [44:31<4:58:20, 102.88s/it]
 14%|█▎        | 27/200 [46:14<4:56:44, 102.92s/it]
 14%|█▍        | 28/200 [47:57<4:54:59, 102.90s/it]
 14%|█▍        | 29/200 [49:40<4:53:11, 102.88s/it]
 15%|█▌        | 30/200 [51:23<4:51:22, 102.84s/it]
 16%|█▌        | 31/200 [53:06<4:49:36, 102.82s/it]
 16%|█▌        | 32/200 [54:49<4:47:58, 102.85s/it]
 16%|█▋        | 33/200 [56:32<4:46:19, 102.87s/it]
 17%|█▋        | 34/200 [58:14<4:44:40, 102.90s/it]
 18%|█▊        | 35/200 [59:57<4:42:56, 102.89s/it]
 18%|█▊        | 36/200 [1:01:40<4:41:07, 102.85s/it]
 18%|█▊        | 37/200 [1:03:23<4:39:20, 102.83s/it]
 19%|█▉        | 38/200 [1:05:06<4:37:38, 102.83s/it]
 20%|█▉        | 39/200 [1:06:49<4:35:59, 102.86s/it]
 20%|██        | 40/200 [1:08:32<4:34:23, 102.90s/it]
 20%|██        | 41/200 [1:10:15<4:32:49, 102.95s/it]
 21%|██        | 42/200 [1:11:58<4:31:08, 102.96s/it]
 22%|██▏       | 43/200 [1:13:41<4:29:20, 102.93s/it]
 22%|██▏       | 44/200 [1:15:23<4:27:31, 102.89s/it]
 22%|██▎       | 45/200 [1:17:06<4:25:41, 102.85s/it]
 23%|██▎       | 46/200 [1:18:49<4:23:55, 102.83s/it]
 24%|██▎       | 47/200 [1:20:32<4:22:14, 102.84s/it]
 24%|██▍       | 48/200 [1:22:15<4:20:36, 102.87s/it]
 24%|██▍       | 49/200 [1:23:58<4:18:57, 102.90s/it]
 25%|██▌       | 50/200 [1:25:41<4:17:17, 102.92s/it]
 26%|██▌       | 51/200 [1:27:24<4:15:33, 102.91s/it]
 26%|██▌       | 52/200 [1:29:06<4:13:47, 102.89s/it]
 26%|██▋       | 53/200 [1:30:49<4:12:00, 102.86s/it]
 27%|██▋       | 54/200 [1:32:32<4:10:12, 102.82s/it]
 28%|██▊       | 55/200 [1:34:15<4:08:27, 102.81s/it]
 28%|██▊       | 56/200 [1:35:58<4:06:46, 102.83s/it]
 28%|██▊       | 57/200 [1:37:40<4:05:08, 102.86s/it]
 29%|██▉       | 58/200 [1:39:23<4:03:30, 102.89s/it]
 30%|██▉       | 59/200 [1:41:06<4:01:50, 102.91s/it]
 30%|███       | 60/200 [1:42:49<4:00:03, 102.89s/it]
 30%|███       | 61/200 [1:44:32<3:58:19, 102.87s/it]
 31%|███       | 62/200 [1:46:15<3:56:38, 102.89s/it]
 32%|███▏      | 63/200 [1:47:58<3:54:55, 102.88s/it]
 32%|███▏      | 64/200 [1:49:43<3:54:34, 103.49s/it]
 32%|███▎      | 65/200 [1:51:26<3:52:50, 103.48s/it]
 33%|███▎      | 66/200 [1:53:10<3:51:23, 103.61s/it]
 34%|███▎      | 67/200 [1:54:54<3:49:47, 103.67s/it]
 34%|███▍      | 68/200 [1:56:37<3:47:36, 103.45s/it]
 34%|███▍      | 69/200 [1:58:20<3:45:28, 103.27s/it]
 35%|███▌      | 70/200 [2:00:03<3:43:26, 103.13s/it]
 36%|███▌      | 71/200 [2:01:45<3:41:31, 103.03s/it]
 36%|███▌      | 72/200 [2:03:28<3:39:41, 102.98s/it]
 36%|███▋      | 73/200 [2:05:11<3:37:56, 102.96s/it]
 37%|███▋      | 74/200 [2:06:54<3:36:21, 103.03s/it]
 38%|███▊      | 75/200 [2:08:38<3:34:46, 103.09s/it]
 38%|███▊      | 76/200 [2:10:21<3:33:02, 103.09s/it]
 38%|███▊      | 77/200 [2:12:04<3:31:22, 103.11s/it]
 39%|███▉      | 78/200 [2:13:47<3:29:39, 103.11s/it]
 40%|███▉      | 79/200 [2:15:30<3:27:53, 103.09s/it]
 40%|████      | 80/200 [2:17:13<3:26:04, 103.03s/it]
 40%|████      | 81/200 [2:18:56<3:24:23, 103.06s/it]
 41%|████      | 82/200 [2:20:39<3:22:46, 103.11s/it]
 42%|████▏     | 83/200 [2:22:22<3:21:06, 103.13s/it]
 42%|████▏     | 84/200 [2:24:06<3:19:25, 103.15s/it]
 42%|████▎     | 85/200 [2:25:49<3:17:44, 103.17s/it]
 43%|████▎     | 86/200 [2:27:32<3:16:01, 103.17s/it]
 44%|████▎     | 87/200 [2:29:15<3:14:09, 103.09s/it]
 44%|████▍     | 88/200 [2:30:58<3:12:25, 103.08s/it]
 44%|████▍     | 89/200 [2:32:41<3:10:42, 103.09s/it]
 45%|████▌     | 90/200 [2:34:24<3:09:01, 103.11s/it]
 46%|████▌     | 91/200 [2:36:07<3:07:21, 103.14s/it]
 46%|████▌     | 92/200 [2:37:51<3:05:42, 103.17s/it]
 46%|████▋     | 93/200 [2:39:34<3:04:03, 103.21s/it]
 47%|████▋     | 94/200 [2:41:17<3:02:18, 103.20s/it]
 48%|████▊     | 95/200 [2:43:00<3:00:34, 103.19s/it]
 48%|████▊     | 96/200 [2:44:43<2:58:47, 103.15s/it]
 48%|████▊     | 97/200 [2:46:26<2:57:01, 103.12s/it]
 49%|████▉     | 98/200 [2:48:09<2:55:15, 103.09s/it]
 50%|████▉     | 99/200 [2:49:53<2:53:34, 103.11s/it]
 50%|█████     | 100/200 [2:51:36<2:51:53, 103.13s/it]
 50%|█████     | 101/200 [2:53:19<2:50:13, 103.17s/it]
 51%|█████     | 102/200 [2:55:02<2:48:32, 103.19s/it]
 52%|█████▏    | 103/200 [2:56:45<2:46:48, 103.18s/it]
 52%|█████▏    | 104/200 [2:58:28<2:45:01, 103.15s/it]
 52%|█████▎    | 105/200 [3:00:11<2:43:14, 103.10s/it]
 53%|█████▎    | 106/200 [3:01:54<2:41:28, 103.07s/it]
 54%|█████▎    | 107/200 [3:03:38<2:39:48, 103.10s/it]
 54%|█████▍    | 108/200 [3:05:21<2:38:07, 103.13s/it]
 55%|█████▍    | 109/200 [3:07:04<2:36:29, 103.18s/it]
 55%|█████▌    | 110/200 [3:08:47<2:34:49, 103.22s/it]
 56%|█████▌    | 111/200 [3:10:31<2:33:04, 103.20s/it]
 56%|█████▌    | 112/200 [3:12:14<2:31:16, 103.14s/it]
 56%|█████▋    | 113/200 [3:13:57<2:29:32, 103.13s/it]
 57%|█████▋    | 114/200 [3:15:40<2:27:45, 103.08s/it]
 57%|█████▊    | 115/200 [3:17:23<2:26:04, 103.11s/it]
 58%|█████▊    | 116/200 [3:19:06<2:24:24, 103.15s/it]
 58%|█████▊    | 117/200 [3:20:49<2:22:46, 103.21s/it]
 59%|█████▉    | 118/200 [3:22:33<2:21:04, 103.23s/it]
 60%|█████▉    | 119/200 [3:24:16<2:19:20, 103.21s/it]
 60%|██████    | 120/200 [3:25:59<2:17:32, 103.16s/it]
 60%|██████    | 121/200 [3:27:42<2:15:45, 103.11s/it]
 61%|██████    | 122/200 [3:29:25<2:13:58, 103.05s/it]
 62%|██████▏   | 123/200 [3:31:08<2:12:13, 103.04s/it]
 62%|██████▏   | 124/200 [3:32:51<2:10:32, 103.06s/it]
 62%|██████▎   | 125/200 [3:34:34<2:08:53, 103.11s/it]
 63%|██████▎   | 126/200 [3:36:17<2:07:13, 103.16s/it]
 64%|██████▎   | 127/200 [3:38:01<2:05:31, 103.17s/it]
 64%|██████▍   | 128/200 [3:39:44<2:03:47, 103.15s/it]
 64%|██████▍   | 129/200 [3:41:27<2:02:01, 103.12s/it]
 65%|██████▌   | 130/200 [3:43:10<2:00:15, 103.08s/it]
 66%|██████▌   | 131/200 [3:44:53<1:58:31, 103.06s/it]
 66%|██████▌   | 132/200 [3:46:36<1:56:46, 103.04s/it]
 66%|██████▋   | 133/200 [3:48:19<1:55:06, 103.08s/it]
 67%|██████▋   | 134/200 [3:50:02<1:53:26, 103.13s/it]
 68%|██████▊   | 135/200 [3:51:45<1:51:46, 103.18s/it]
 68%|██████▊   | 136/200 [3:53:29<1:50:06, 103.22s/it]
 68%|██████▊   | 137/200 [3:55:12<1:48:20, 103.19s/it]
 69%|██████▉   | 138/200 [3:56:55<1:46:35, 103.15s/it]
 70%|██████▉   | 139/200 [3:58:38<1:44:49, 103.10s/it]
 70%|███████   | 140/200 [4:00:21<1:43:04, 103.07s/it]
 70%|███████   | 141/200 [4:02:04<1:41:21, 103.07s/it]
 71%|███████   | 142/200 [4:03:47<1:39:39, 103.09s/it]
 72%|███████▏  | 143/200 [4:05:30<1:37:58, 103.13s/it]
 72%|███████▏  | 144/200 [4:07:14<1:36:19, 103.21s/it]
 72%|███████▎  | 145/200 [4:08:57<1:34:37, 103.22s/it]
 73%|███████▎  | 146/200 [4:10:40<1:32:52, 103.20s/it]
 74%|███████▎  | 147/200 [4:12:23<1:31:06, 103.14s/it]
 74%|███████▍  | 148/200 [4:14:06<1:29:21, 103.11s/it]
 74%|███████▍  | 149/200 [4:15:51<1:28:03, 103.59s/it]
 75%|███████▌  | 150/200 [4:17:34<1:26:11, 103.44s/it]
 76%|███████▌  | 151/200 [4:19:17<1:24:23, 103.35s/it]
 76%|███████▌  | 152/200 [4:21:00<1:22:37, 103.29s/it]
 76%|███████▋  | 153/200 [4:22:43<1:20:52, 103.25s/it]
 77%|███████▋  | 154/200 [4:24:26<1:19:05, 103.16s/it]
 78%|███████▊  | 155/200 [4:26:09<1:17:18, 103.09s/it]
 78%|███████▊  | 156/200 [4:27:52<1:15:30, 102.98s/it]
 78%|███████▊  | 157/200 [4:29:35<1:13:43, 102.87s/it]
 79%|███████▉  | 158/200 [4:31:17<1:11:57, 102.79s/it]
 80%|███████▉  | 159/200 [4:33:00<1:10:13, 102.78s/it]
 80%|████████  | 160/200 [4:34:43<1:08:31, 102.79s/it]
 80%|████████  | 161/200 [4:36:26<1:06:51, 102.86s/it]
 81%|████████  | 162/200 [4:38:09<1:05:09, 102.89s/it]
 82%|████████▏ | 163/200 [4:39:52<1:03:26, 102.89s/it]
 82%|████████▏ | 164/200 [4:41:35<1:01:43, 102.86s/it]
 82%|████████▎ | 165/200 [4:43:17<59:58, 102.83s/it]  
 83%|████████▎ | 166/200 [4:45:00<58:17, 102.86s/it]
 84%|████████▎ | 167/200 [4:46:43<56:35, 102.89s/it]
 84%|████████▍ | 168/200 [4:48:26<54:53, 102.94s/it]
 84%|████████▍ | 169/200 [4:50:09<53:13, 103.01s/it]
 85%|████████▌ | 170/200 [4:51:53<51:31, 103.06s/it]
 86%|████████▌ | 171/200 [4:53:36<49:50, 103.11s/it]
 86%|████████▌ | 172/200 [4:55:19<48:09, 103.20s/it]
 86%|████████▋ | 173/200 [4:57:02<46:26, 103.22s/it]
 87%|████████▋ | 174/200 [4:58:45<44:42, 103.16s/it]
 88%|████████▊ | 175/200 [5:00:29<42:58, 103.16s/it]
 88%|████████▊ | 176/200 [5:02:12<41:15, 103.13s/it]
 88%|████████▊ | 177/200 [5:03:55<39:32, 103.16s/it]
 89%|████████▉ | 178/200 [5:05:38<37:49, 103.17s/it]
 90%|████████▉ | 179/200 [5:07:21<36:05, 103.14s/it]
 90%|█████████ | 180/200 [5:09:04<34:22, 103.14s/it]
 90%|█████████ | 181/200 [5:10:48<32:40, 103.17s/it]
 91%|█████████ | 182/200 [5:12:31<30:56, 103.16s/it]
 92%|█████████▏| 183/200 [5:14:14<29:12, 103.11s/it]
 92%|█████████▏| 184/200 [5:15:57<27:29, 103.07s/it]
 92%|█████████▎| 185/200 [5:17:40<25:45, 103.03s/it]
 93%|█████████▎| 186/200 [5:19:23<24:02, 103.05s/it]
 94%|█████████▎| 187/200 [5:21:06<22:19, 103.07s/it]
 94%|█████████▍| 188/200 [5:22:49<20:37, 103.15s/it]
 94%|█████████▍| 189/200 [5:24:32<18:54, 103.17s/it]
 95%|█████████▌| 190/200 [5:26:16<17:12, 103.24s/it]
 96%|█████████▌| 191/200 [5:27:59<15:28, 103.21s/it]
 96%|█████████▌| 192/200 [5:29:42<13:45, 103.19s/it]
 96%|█████████▋| 193/200 [5:31:25<12:02, 103.17s/it]
 97%|█████████▋| 194/200 [5:33:08<10:18, 103.11s/it]
 98%|█████████▊| 195/200 [5:34:51<08:35, 103.09s/it]
 98%|█████████▊| 196/200 [5:36:34<06:52, 103.10s/it]
 98%|█████████▊| 197/200 [5:38:17<05:09, 103.10s/it]
 99%|█████████▉| 198/200 [5:40:01<03:26, 103.11s/it]
100%|█████████▉| 199/200 [5:41:44<01:43, 103.12s/it]
100%|██████████| 200/200 [5:43:27<00:00, 103.11s/it]
100%|██████████| 200/200 [5:43:27<00:00, 103.04s/it]
